Requirement already satisfied: datasets==5.0.1 in /workspace/qenlo-runpod/venv/lib/python3.12/site-packages (from -r /workspace/qenloDB2/scripts/runpod-benchmark-requirements.txt (line 1)) (5.0.1)
Requirement already satisfied: chromadb==1.5.9 in /workspace/qenlo-runpod/venv/lib/python3.12/site-packages (from -r /workspace/qenloDB2/scripts/runpod-benchmark-requirements.txt (line 2)) (1.5.9)
Requirement already satisfied: faiss-cpu==1.15.0 in /workspace/qenlo-runpod/venv/lib/python3.12/site-packages (from -r /workspace/qenloDB2/scripts/runpod-benchmark-requirements.txt (line 3)) (1.15.0)
Requirement already satisfied: lancedb==0.38.0 in /workspace/qenlo-runpod/venv/lib/python3.12/site-packages (from -r /workspace/qenloDB2/scripts/runpod-benchmark-requirements.txt (line 4)) (0.38.0)
Requirement already satisfied: milvus-lite==3.2.1 in /workspace/qenlo-runpod/venv/lib/python3.12/site-packages (from -r /workspace/qenloDB2/scripts/runpod-benchmark-requirements.txt (line 5)) (3.2.1)
Requirement already satisfied: pymilvus==3.0.1 in /workspace/qenlo-runpod/venv/lib/python3.12/site-packages (from -r /workspace/qenloDB2/scripts/runpod-benchmark-requirements.txt (line 6)) (3.0.1)
Requirement already satisfied: qdrant-client==1.19.0 in /workspace/qenlo-runpod/venv/lib/python3.12/site-packages (from -r /workspace/qenloDB2/scripts/runpod-benchmark-requirements.txt (line 7)) (1.19.0)
Requirement already satisfied: sentence-transformers==6.0.1 in /workspace/qenlo-runpod/venv/lib/python3.12/site-packages (from -r /workspace/qenloDB2/scripts/runpod-benchmark-requirements.txt (line 8)) (6.0.1)
Requirement already satisfied: filelock in /usr/local/lib/python3.12/dist-packages (from datasets==5.0.1->-r /workspace/qenloDB2/scripts/runpod-benchmark-requirements.txt (line 1)) (3.20.0)
Requirement already satisfied: numpy>=1.17 in /usr/local/lib/python3.12/dist-packages (from datasets==5.0.1->-r /workspace/qenloDB2/scripts/runpod-benchmark-requirements.txt (line 1)) (2.1.2)
Requirement already satisfied: pyarrow>=21.0.0 in /workspace/qenlo-runpod/venv/lib/python3.12/site-packages (from datasets==5.0.1->-r /workspace/qenloDB2/scripts/runpod-benchmark-requirements.txt (line 1)) (25.0.1)
Requirement already satisfied: dill<0.4.2,>=0.3.0 in /workspace/qenlo-runpod/venv/lib/python3.12/site-packages (from datasets==5.0.1->-r /workspace/qenloDB2/scripts/runpod-benchmark-requirements.txt (line 1)) (0.4.1)
Requirement already satisfied: pandas in /workspace/qenlo-runpod/venv/lib/python3.12/site-packages (from datasets==5.0.1->-r /workspace/qenloDB2/scripts/runpod-benchmark-requirements.txt (line 1)) (3.0.5)
Requirement already satisfied: requests>=2.32.2 in /usr/local/lib/python3.12/dist-packages (from datasets==5.0.1->-r /workspace/qenloDB2/scripts/runpod-benchmark-requirements.txt (line 1)) (2.32.5)
Requirement already satisfied: httpx<1.0.0 in /usr/local/lib/python3.12/dist-packages (from datasets==5.0.1->-r /workspace/qenloDB2/scripts/runpod-benchmark-requirements.txt (line 1)) (0.28.1)
Requirement already satisfied: tqdm>=4.66.3 in /workspace/qenlo-runpod/venv/lib/python3.12/site-packages (from datasets==5.0.1->-r /workspace/qenloDB2/scripts/runpod-benchmark-requirements.txt (line 1)) (4.70.0)
Requirement already satisfied: xxhash in /workspace/qenlo-runpod/venv/lib/python3.12/site-packages (from datasets==5.0.1->-r /workspace/qenloDB2/scripts/runpod-benchmark-requirements.txt (line 1)) (4.0.1)
Requirement already satisfied: multiprocess<0.70.20 in /workspace/qenlo-runpod/venv/lib/python3.12/site-packages (from datasets==5.0.1->-r /workspace/qenloDB2/scripts/runpod-benchmark-requirements.txt (line 1)) (0.70.19)
Requirement already satisfied: fsspec<=2026.6.0,>=2023.1.0 in /usr/local/lib/python3.12/dist-packages (from fsspec[http]<=2026.6.0,>=2023.1.0->datasets==5.0.1->-r /workspace/qenloDB2/scripts/runpod-benchmark-requirements.txt (line 1)) (2024.6.1)
Requirement already satisfied: huggingface-hub<2.0,>=0.25.0 in /workspace/qenlo-runpod/venv/lib/python3.12/site-packages (from datasets==5.0.1->-r /workspace/qenloDB2/scripts/runpod-benchmark-requirements.txt (line 1)) (1.29.0)
Requirement already satisfied: packaging in /usr/local/lib/python3.12/dist-packages (from datasets==5.0.1->-r /workspace/qenloDB2/scripts/runpod-benchmark-requirements.txt (line 1)) (25.0)
Requirement already satisfied: pyyaml>=5.1 in /usr/local/lib/python3.12/dist-packages (from datasets==5.0.1->-r /workspace/qenloDB2/scripts/runpod-benchmark-requirements.txt (line 1)) (6.0.3)
Requirement already satisfied: build>=1.0.3 in /workspace/qenlo-runpod/venv/lib/python3.12/site-packages (from chromadb==1.5.9->-r /workspace/qenloDB2/scripts/runpod-benchmark-requirements.txt (line 2)) (1.6.0)
Requirement already satisfied: pydantic>=2.0 in /workspace/qenlo-runpod/venv/lib/python3.12/site-packages (from chromadb==1.5.9->-r /workspace/qenloDB2/scripts/runpod-benchmark-requirements.txt (line 2)) (2.13.5)
Requirement already satisfied: pydantic-settings>=2.0 in /workspace/qenlo-runpod/venv/lib/python3.12/site-packages (from chromadb==1.5.9->-r /workspace/qenloDB2/scripts/runpod-benchmark-requirements.txt (line 2)) (2.15.0)
Requirement already satisfied: pybase64>=1.4.1 in /workspace/qenlo-runpod/venv/lib/python3.12/site-packages (from chromadb==1.5.9->-r /workspace/qenloDB2/scripts/runpod-benchmark-requirements.txt (line 2)) (1.5.0)
Requirement already satisfied: uvicorn>=0.18.3 in /workspace/qenlo-runpod/venv/lib/python3.12/site-packages (from uvicorn[standard]>=0.18.3->chromadb==1.5.9->-r /workspace/qenloDB2/scripts/runpod-benchmark-requirements.txt (line 2)) (0.52.4)
Requirement already satisfied: typing-extensions>=4.5.0 in /usr/local/lib/python3.12/dist-packages (from chromadb==1.5.9->-r /workspace/qenloDB2/scripts/runpod-benchmark-requirements.txt (line 2)) (4.15.0)
Requirement already satisfied: onnxruntime>=1.14.1 in /workspace/qenlo-runpod/venv/lib/python3.12/site-packages (from chromadb==1.5.9->-r /workspace/qenloDB2/scripts/runpod-benchmark-requirements.txt (line 2)) (1.29.0)
Requirement already satisfied: opentelemetry-api>=1.2.0 in /workspace/qenlo-runpod/venv/lib/python3.12/site-packages (from chromadb==1.5.9->-r /workspace/qenloDB2/scripts/runpod-benchmark-requirements.txt (line 2)) (1.44.0)
Requirement already satisfied: opentelemetry-exporter-otlp-proto-grpc>=1.2.0 in /workspace/qenlo-runpod/venv/lib/python3.12/site-packages (from chromadb==1.5.9->-r /workspace/qenloDB2/scripts/runpod-benchmark-requirements.txt (line 2)) (1.44.0)
Requirement already satisfied: opentelemetry-sdk>=1.2.0 in /workspace/qenlo-runpod/venv/lib/python3.12/site-packages (from chromadb==1.5.9->-r /workspace/qenloDB2/scripts/runpod-benchmark-requirements.txt (line 2)) (1.44.0)
Requirement already satisfied: tokenizers>=0.13.2 in /workspace/qenlo-runpod/venv/lib/python3.12/site-packages (from chromadb==1.5.9->-r /workspace/qenloDB2/scripts/runpod-benchmark-requirements.txt (line 2)) (0.23.1)
Requirement already satisfied: pypika>=0.48.9 in /workspace/qenlo-runpod/venv/lib/python3.12/site-packages (from chromadb==1.5.9->-r /workspace/qenloDB2/scripts/runpod-benchmark-requirements.txt (line 2)) (0.51.1)
Requirement already satisfied: overrides>=7.3.1 in /workspace/qenlo-runpod/venv/lib/python3.12/site-packages (from chromadb==1.5.9->-r /workspace/qenloDB2/scripts/runpod-benchmark-requirements.txt (line 2)) (7.7.0)
Requirement already satisfied: importlib-resources in /workspace/qenlo-runpod/venv/lib/python3.12/site-packages (from chromadb==1.5.9->-r /workspace/qenloDB2/scripts/runpod-benchmark-requirements.txt (line 2)) (7.1.0)
Requirement already satisfied: grpcio>=1.58.0 in /workspace/qenlo-runpod/venv/lib/python3.12/site-packages (from chromadb==1.5.9->-r /workspace/qenloDB2/scripts/runpod-benchmark-requirements.txt (line 2)) (1.83.1)
Requirement already satisfied: bcrypt>=4.0.1 in /workspace/qenlo-runpod/venv/lib/python3.12/site-packages (from chromadb==1.5.9->-r /workspace/qenloDB2/scripts/runpod-benchmark-requirements.txt (line 2)) (5.0.0)
Requirement already satisfied: typer>=0.9.0 in /workspace/qenlo-runpod/venv/lib/python3.12/site-packages (from chromadb==1.5.9->-r /workspace/qenloDB2/scripts/runpod-benchmark-requirements.txt (line 2)) (0.27.2)
Requirement already satisfied: kubernetes>=28.1.0 in /workspace/qenlo-runpod/venv/lib/python3.12/site-packages (from chromadb==1.5.9->-r /workspace/qenloDB2/scripts/runpod-benchmark-requirements.txt (line 2)) (36.0.3)
Requirement already satisfied: tenacity>=8.2.3 in /workspace/qenlo-runpod/venv/lib/python3.12/site-packages (from chromadb==1.5.9->-r /workspace/qenloDB2/scripts/runpod-benchmark-requirements.txt (line 2)) (9.1.4)
Requirement already satisfied: mmh3>=4.0.1 in /workspace/qenlo-runpod/venv/lib/python3.12/site-packages (from chromadb==1.5.9->-r /workspace/qenloDB2/scripts/runpod-benchmark-requirements.txt (line 2)) (5.3.0)
Requirement already satisfied: orjson>=3.9.12 in /workspace/qenlo-runpod/venv/lib/python3.12/site-packages (from chromadb==1.5.9->-r /workspace/qenloDB2/scripts/runpod-benchmark-requirements.txt (line 2)) (3.12.0)
Requirement already satisfied: rich>=10.11.0 in /workspace/qenlo-runpod/venv/lib/python3.12/site-packages (from chromadb==1.5.9->-r /workspace/qenloDB2/scripts/runpod-benchmark-requirements.txt (line 2)) (15.0.0)
Requirement already satisfied: jsonschema>=4.19.0 in /usr/local/lib/python3.12/dist-packages (from chromadb==1.5.9->-r /workspace/qenloDB2/scripts/runpod-benchmark-requirements.txt (line 2)) (4.25.1)
Requirement already satisfied: deprecation>=2.1.0 in /workspace/qenlo-runpod/venv/lib/python3.12/site-packages (from lancedb==0.38.0->-r /workspace/qenloDB2/scripts/runpod-benchmark-requirements.txt (line 4)) (2.1.0)
Requirement already satisfied: lance-namespace>=0.3.2 in /workspace/qenlo-runpod/venv/lib/python3.12/site-packages (from lancedb==0.38.0->-r /workspace/qenloDB2/scripts/runpod-benchmark-requirements.txt (line 4)) (0.12.0)
Requirement already satisfied: cachetools>=5.0.0 in /workspace/qenlo-runpod/venv/lib/python3.12/site-packages (from pymilvus==3.0.1->-r /workspace/qenloDB2/scripts/runpod-benchmark-requirements.txt (line 6)) (7.1.8)
Requirement already satisfied: protobuf>=5.27.2 in /workspace/qenlo-runpod/venv/lib/python3.12/site-packages (from pymilvus==3.0.1->-r /workspace/qenloDB2/scripts/runpod-benchmark-requirements.txt (line 6)) (7.36.1)
Requirement already satisfied: python-dotenv<2.0.0,>=1.0.1 in /workspace/qenlo-runpod/venv/lib/python3.12/site-packages (from pymilvus==3.0.1->-r /workspace/qenloDB2/scripts/runpod-benchmark-requirements.txt (line 6)) (1.2.3)
Requirement already satisfied: portalocker<4.0,>=2.7.0 in /workspace/qenlo-runpod/venv/lib/python3.12/site-packages (from qdrant-client==1.19.0->-r /workspace/qenloDB2/scripts/runpod-benchmark-requirements.txt (line 7)) (3.2.0)
Requirement already satisfied: urllib3<3,>=1.26.14 in /usr/local/lib/python3.12/dist-packages (from qdrant-client==1.19.0->-r /workspace/qenloDB2/scripts/runpod-benchmark-requirements.txt (line 7)) (2.5.0)
Requirement already satisfied: transformers<6.0.0,>=5.0.0 in /workspace/qenlo-runpod/venv/lib/python3.12/site-packages (from sentence-transformers==6.0.1->-r /workspace/qenloDB2/scripts/runpod-benchmark-requirements.txt (line 8)) (5.16.1)
Requirement already satisfied: torch>=2.2 in /usr/local/lib/python3.12/dist-packages (from sentence-transformers==6.0.1->-r /workspace/qenloDB2/scripts/runpod-benchmark-requirements.txt (line 8)) (2.8.0+cu128)
Requirement already satisfied: scikit-learn>=1.1.0 in /workspace/qenlo-runpod/venv/lib/python3.12/site-packages (from sentence-transformers==6.0.1->-r /workspace/qenloDB2/scripts/runpod-benchmark-requirements.txt (line 8)) (1.9.0)
Requirement already satisfied: scipy>=1.0.0 in /workspace/qenlo-runpod/venv/lib/python3.12/site-packages (from sentence-transformers==6.0.1->-r /workspace/qenloDB2/scripts/runpod-benchmark-requirements.txt (line 8)) (1.18.1)
Requirement already satisfied: aiohttp!=4.0.0a0,!=4.0.0a1 in /workspace/qenlo-runpod/venv/lib/python3.12/site-packages (from fsspec[http]<=2026.6.0,>=2023.1.0->datasets==5.0.1->-r /workspace/qenloDB2/scripts/runpod-benchmark-requirements.txt (line 1)) (3.14.3)
Requirement already satisfied: anyio in /usr/local/lib/python3.12/dist-packages (from httpx<1.0.0->datasets==5.0.1->-r /workspace/qenloDB2/scripts/runpod-benchmark-requirements.txt (line 1)) (4.11.0)
Requirement already satisfied: certifi in /usr/local/lib/python3.12/dist-packages (from httpx<1.0.0->datasets==5.0.1->-r /workspace/qenloDB2/scripts/runpod-benchmark-requirements.txt (line 1)) (2025.10.5)
Requirement already satisfied: httpcore==1.* in /usr/local/lib/python3.12/dist-packages (from httpx<1.0.0->datasets==5.0.1->-r /workspace/qenloDB2/scripts/runpod-benchmark-requirements.txt (line 1)) (1.0.9)
Requirement already satisfied: idna in /usr/local/lib/python3.12/dist-packages (from httpx<1.0.0->datasets==5.0.1->-r /workspace/qenloDB2/scripts/runpod-benchmark-requirements.txt (line 1)) (3.10)
Requirement already satisfied: h11>=0.16 in /usr/local/lib/python3.12/dist-packages (from httpcore==1.*->httpx<1.0.0->datasets==5.0.1->-r /workspace/qenloDB2/scripts/runpod-benchmark-requirements.txt (line 1)) (0.16.0)
Requirement already satisfied: click<9.0.0,>=8.4.2 in /workspace/qenlo-runpod/venv/lib/python3.12/site-packages (from huggingface-hub<2.0,>=0.25.0->datasets==5.0.1->-r /workspace/qenloDB2/scripts/runpod-benchmark-requirements.txt (line 1)) (8.5.0)
Requirement already satisfied: hf-xet<2.0.0,>=1.5.2 in /workspace/qenlo-runpod/venv/lib/python3.12/site-packages (from huggingface-hub<2.0,>=0.25.0->datasets==5.0.1->-r /workspace/qenloDB2/scripts/runpod-benchmark-requirements.txt (line 1)) (1.6.0)
Requirement already satisfied: annotated-types>=0.6.0 in /workspace/qenlo-runpod/venv/lib/python3.12/site-packages (from pydantic>=2.0->chromadb==1.5.9->-r /workspace/qenloDB2/scripts/runpod-benchmark-requirements.txt (line 2)) (0.8.0)
Requirement already satisfied: pydantic-core==2.46.5 in /workspace/qenlo-runpod/venv/lib/python3.12/site-packages (from pydantic>=2.0->chromadb==1.5.9->-r /workspace/qenloDB2/scripts/runpod-benchmark-requirements.txt (line 2)) (2.46.5)
Requirement already satisfied: typing-inspection>=0.4.2 in /workspace/qenlo-runpod/venv/lib/python3.12/site-packages (from pydantic>=2.0->chromadb==1.5.9->-r /workspace/qenloDB2/scripts/runpod-benchmark-requirements.txt (line 2)) (0.4.4)
Requirement already satisfied: regex>=2025.10.22 in /workspace/qenlo-runpod/venv/lib/python3.12/site-packages (from transformers<6.0.0,>=5.0.0->sentence-transformers==6.0.1->-r /workspace/qenloDB2/scripts/runpod-benchmark-requirements.txt (line 8)) (2026.9.3)
Requirement already satisfied: safetensors>=0.8.0 in /workspace/qenlo-runpod/venv/lib/python3.12/site-packages (from transformers<6.0.0,>=5.0.0->sentence-transformers==6.0.1->-r /workspace/qenloDB2/scripts/runpod-benchmark-requirements.txt (line 8)) (0.8.0)
Requirement already satisfied: aiohappyeyeballs>=2.5.0 in /workspace/qenlo-runpod/venv/lib/python3.12/site-packages (from aiohttp!=4.0.0a0,!=4.0.0a1->fsspec[http]<=2026.6.0,>=2023.1.0->datasets==5.0.1->-r /workspace/qenloDB2/scripts/runpod-benchmark-requirements.txt (line 1)) (2.7.1)
Requirement already satisfied: aiosignal>=1.4.0 in /workspace/qenlo-runpod/venv/lib/python3.12/site-packages (from aiohttp!=4.0.0a0,!=4.0.0a1->fsspec[http]<=2026.6.0,>=2023.1.0->datasets==5.0.1->-r /workspace/qenloDB2/scripts/runpod-benchmark-requirements.txt (line 1)) (1.4.0)
Requirement already satisfied: attrs>=17.3.0 in /usr/local/lib/python3.12/dist-packages (from aiohttp!=4.0.0a0,!=4.0.0a1->fsspec[http]<=2026.6.0,>=2023.1.0->datasets==5.0.1->-r /workspace/qenloDB2/scripts/runpod-benchmark-requirements.txt (line 1)) (25.4.0)
Requirement already satisfied: frozenlist>=1.1.1 in /workspace/qenlo-runpod/venv/lib/python3.12/site-packages (from aiohttp!=4.0.0a0,!=4.0.0a1->fsspec[http]<=2026.6.0,>=2023.1.0->datasets==5.0.1->-r /workspace/qenloDB2/scripts/runpod-benchmark-requirements.txt (line 1)) (1.8.0)
Requirement already satisfied: multidict<7.0,>=4.5 in /workspace/qenlo-runpod/venv/lib/python3.12/site-packages (from aiohttp!=4.0.0a0,!=4.0.0a1->fsspec[http]<=2026.6.0,>=2023.1.0->datasets==5.0.1->-r /workspace/qenloDB2/scripts/runpod-benchmark-requirements.txt (line 1)) (6.7.1)
Requirement already satisfied: propcache>=0.2.0 in /workspace/qenlo-runpod/venv/lib/python3.12/site-packages (from aiohttp!=4.0.0a0,!=4.0.0a1->fsspec[http]<=2026.6.0,>=2023.1.0->datasets==5.0.1->-r /workspace/qenloDB2/scripts/runpod-benchmark-requirements.txt (line 1)) (0.5.2)
Requirement already satisfied: yarl<2.0,>=1.17.0 in /workspace/qenlo-runpod/venv/lib/python3.12/site-packages (from aiohttp!=4.0.0a0,!=4.0.0a1->fsspec[http]<=2026.6.0,>=2023.1.0->datasets==5.0.1->-r /workspace/qenloDB2/scripts/runpod-benchmark-requirements.txt (line 1)) (1.24.5)
Requirement already satisfied: pyproject_hooks in /workspace/qenlo-runpod/venv/lib/python3.12/site-packages (from build>=1.0.3->chromadb==1.5.9->-r /workspace/qenloDB2/scripts/runpod-benchmark-requirements.txt (line 2)) (1.2.0)
Requirement already satisfied: h2<5,>=3 in /workspace/qenlo-runpod/venv/lib/python3.12/site-packages (from httpx[http2]>=0.20.0->qdrant-client==1.19.0->-r /workspace/qenloDB2/scripts/runpod-benchmark-requirements.txt (line 7)) (4.4.1)
Requirement already satisfied: hyperframe<7,>=6.1 in /workspace/qenlo-runpod/venv/lib/python3.12/site-packages (from h2<5,>=3->httpx[http2]>=0.20.0->qdrant-client==1.19.0->-r /workspace/qenloDB2/scripts/runpod-benchmark-requirements.txt (line 7)) (6.1.0)
Requirement already satisfied: hpack<5,>=4.2 in /workspace/qenlo-runpod/venv/lib/python3.12/site-packages (from h2<5,>=3->httpx[http2]>=0.20.0->qdrant-client==1.19.0->-r /workspace/qenloDB2/scripts/runpod-benchmark-requirements.txt (line 7)) (4.2.0)
Requirement already satisfied: jsonschema-specifications>=2023.03.6 in /usr/local/lib/python3.12/dist-packages (from jsonschema>=4.19.0->chromadb==1.5.9->-r /workspace/qenloDB2/scripts/runpod-benchmark-requirements.txt (line 2)) (2025.9.1)
Requirement already satisfied: referencing>=0.28.4 in /usr/local/lib/python3.12/dist-packages (from jsonschema>=4.19.0->chromadb==1.5.9->-r /workspace/qenloDB2/scripts/runpod-benchmark-requirements.txt (line 2)) (0.36.2)
Requirement already satisfied: rpds-py>=0.7.1 in /usr/local/lib/python3.12/dist-packages (from jsonschema>=4.19.0->chromadb==1.5.9->-r /workspace/qenloDB2/scripts/runpod-benchmark-requirements.txt (line 2)) (0.27.1)
Requirement already satisfied: six>=1.9.0 in /usr/lib/python3/dist-packages (from kubernetes>=28.1.0->chromadb==1.5.9->-r /workspace/qenloDB2/scripts/runpod-benchmark-requirements.txt (line 2)) (1.16.0)
Requirement already satisfied: python-dateutil>=2.5.3 in /usr/local/lib/python3.12/dist-packages (from kubernetes>=28.1.0->chromadb==1.5.9->-r /workspace/qenloDB2/scripts/runpod-benchmark-requirements.txt (line 2)) (2.9.0.post0)
Requirement already satisfied: websocket-client!=0.40.0,!=0.41.*,!=0.42.*,>=0.32.0 in /usr/local/lib/python3.12/dist-packages (from kubernetes>=28.1.0->chromadb==1.5.9->-r /workspace/qenloDB2/scripts/runpod-benchmark-requirements.txt (line 2)) (1.9.0)
Requirement already satisfied: requests-oauthlib in /workspace/qenlo-runpod/venv/lib/python3.12/site-packages (from kubernetes>=28.1.0->chromadb==1.5.9->-r /workspace/qenloDB2/scripts/runpod-benchmark-requirements.txt (line 2)) (2.0.0)
Requirement already satisfied: durationpy>=0.7 in /workspace/qenlo-runpod/venv/lib/python3.12/site-packages (from kubernetes>=28.1.0->chromadb==1.5.9->-r /workspace/qenloDB2/scripts/runpod-benchmark-requirements.txt (line 2)) (0.11)
Requirement already satisfied: lance-namespace-urllib3-client==0.12.0 in /workspace/qenlo-runpod/venv/lib/python3.12/site-packages (from lance-namespace>=0.3.2->lancedb==0.38.0->-r /workspace/qenloDB2/scripts/runpod-benchmark-requirements.txt (line 4)) (0.12.0)
Requirement already satisfied: flatbuffers in /workspace/qenlo-runpod/venv/lib/python3.12/site-packages (from onnxruntime>=1.14.1->chromadb==1.5.9->-r /workspace/qenloDB2/scripts/runpod-benchmark-requirements.txt (line 2)) (25.12.19)
Requirement already satisfied: googleapis-common-protos~=1.57 in /workspace/qenlo-runpod/venv/lib/python3.12/site-packages (from opentelemetry-exporter-otlp-proto-grpc>=1.2.0->chromadb==1.5.9->-r /workspace/qenloDB2/scripts/runpod-benchmark-requirements.txt (line 2)) (1.75.2)
Requirement already satisfied: opentelemetry-exporter-otlp-proto-common==1.44.0 in /workspace/qenlo-runpod/venv/lib/python3.12/site-packages (from opentelemetry-exporter-otlp-proto-grpc>=1.2.0->chromadb==1.5.9->-r /workspace/qenloDB2/scripts/runpod-benchmark-requirements.txt (line 2)) (1.44.0)
Requirement already satisfied: opentelemetry-proto==1.44.0 in /workspace/qenlo-runpod/venv/lib/python3.12/site-packages (from opentelemetry-exporter-otlp-proto-grpc>=1.2.0->chromadb==1.5.9->-r /workspace/qenloDB2/scripts/runpod-benchmark-requirements.txt (line 2)) (1.44.0)
Requirement already satisfied: opentelemetry-semantic-conventions==0.65b0 in /workspace/qenlo-runpod/venv/lib/python3.12/site-packages (from opentelemetry-sdk>=1.2.0->chromadb==1.5.9->-r /workspace/qenloDB2/scripts/runpod-benchmark-requirements.txt (line 2)) (0.65b0)
Requirement already satisfied: charset_normalizer<4,>=2 in /usr/local/lib/python3.12/dist-packages (from requests>=2.32.2->datasets==5.0.1->-r /workspace/qenloDB2/scripts/runpod-benchmark-requirements.txt (line 1)) (3.4.3)
Requirement already satisfied: markdown-it-py>=2.2.0 in /workspace/qenlo-runpod/venv/lib/python3.12/site-packages (from rich>=10.11.0->chromadb==1.5.9->-r /workspace/qenloDB2/scripts/runpod-benchmark-requirements.txt (line 2)) (4.2.0)
Requirement already satisfied: pygments<3.0.0,>=2.13.0 in /usr/local/lib/python3.12/dist-packages (from rich>=10.11.0->chromadb==1.5.9->-r /workspace/qenloDB2/scripts/runpod-benchmark-requirements.txt (line 2)) (2.19.2)
Requirement already satisfied: mdurl~=0.1 in /workspace/qenlo-runpod/venv/lib/python3.12/site-packages (from markdown-it-py>=2.2.0->rich>=10.11.0->chromadb==1.5.9->-r /workspace/qenloDB2/scripts/runpod-benchmark-requirements.txt (line 2)) (0.1.2)
Requirement already satisfied: joblib>=1.4.0 in /workspace/qenlo-runpod/venv/lib/python3.12/site-packages (from scikit-learn>=1.1.0->sentence-transformers==6.0.1->-r /workspace/qenloDB2/scripts/runpod-benchmark-requirements.txt (line 8)) (1.6.0)
Requirement already satisfied: narwhals>=2.0.1 in /workspace/qenlo-runpod/venv/lib/python3.12/site-packages (from scikit-learn>=1.1.0->sentence-transformers==6.0.1->-r /workspace/qenloDB2/scripts/runpod-benchmark-requirements.txt (line 8)) (2.25.0)
Requirement already satisfied: threadpoolctl>=3.5.0 in /workspace/qenlo-runpod/venv/lib/python3.12/site-packages (from scikit-learn>=1.1.0->sentence-transformers==6.0.1->-r /workspace/qenloDB2/scripts/runpod-benchmark-requirements.txt (line 8)) (3.6.0)
Requirement already satisfied: cloudpickle>=3.0 in /workspace/qenlo-runpod/venv/lib/python3.12/site-packages (from joblib>=1.4.0->scikit-learn>=1.1.0->sentence-transformers==6.0.1->-r /workspace/qenloDB2/scripts/runpod-benchmark-requirements.txt (line 8)) (3.1.2)
Requirement already satisfied: setuptools in /usr/local/lib/python3.12/dist-packages (from torch>=2.2->sentence-transformers==6.0.1->-r /workspace/qenloDB2/scripts/runpod-benchmark-requirements.txt (line 8)) (80.9.0)
Requirement already satisfied: sympy>=1.13.3 in /usr/local/lib/python3.12/dist-packages (from torch>=2.2->sentence-transformers==6.0.1->-r /workspace/qenloDB2/scripts/runpod-benchmark-requirements.txt (line 8)) (1.13.3)
Requirement already satisfied: networkx in /usr/local/lib/python3.12/dist-packages (from torch>=2.2->sentence-transformers==6.0.1->-r /workspace/qenloDB2/scripts/runpod-benchmark-requirements.txt (line 8)) (3.3)
Requirement already satisfied: jinja2 in /usr/local/lib/python3.12/dist-packages (from torch>=2.2->sentence-transformers==6.0.1->-r /workspace/qenloDB2/scripts/runpod-benchmark-requirements.txt (line 8)) (3.1.6)
Requirement already satisfied: nvidia-cuda-nvrtc-cu12==12.8.93 in /usr/local/lib/python3.12/dist-packages (from torch>=2.2->sentence-transformers==6.0.1->-r /workspace/qenloDB2/scripts/runpod-benchmark-requirements.txt (line 8)) (12.8.93)
Requirement already satisfied: nvidia-cuda-runtime-cu12==12.8.90 in /usr/local/lib/python3.12/dist-packages (from torch>=2.2->sentence-transformers==6.0.1->-r /workspace/qenloDB2/scripts/runpod-benchmark-requirements.txt (line 8)) (12.8.90)
Requirement already satisfied: nvidia-cuda-cupti-cu12==12.8.90 in /usr/local/lib/python3.12/dist-packages (from torch>=2.2->sentence-transformers==6.0.1->-r /workspace/qenloDB2/scripts/runpod-benchmark-requirements.txt (line 8)) (12.8.90)
Requirement already satisfied: nvidia-cudnn-cu12==9.10.2.21 in /usr/local/lib/python3.12/dist-packages (from torch>=2.2->sentence-transformers==6.0.1->-r /workspace/qenloDB2/scripts/runpod-benchmark-requirements.txt (line 8)) (9.10.2.21)
Requirement already satisfied: nvidia-cublas-cu12==12.8.4.1 in /usr/local/lib/python3.12/dist-packages (from torch>=2.2->sentence-transformers==6.0.1->-r /workspace/qenloDB2/scripts/runpod-benchmark-requirements.txt (line 8)) (12.8.4.1)
Requirement already satisfied: nvidia-cufft-cu12==11.3.3.83 in /usr/local/lib/python3.12/dist-packages (from torch>=2.2->sentence-transformers==6.0.1->-r /workspace/qenloDB2/scripts/runpod-benchmark-requirements.txt (line 8)) (11.3.3.83)
Requirement already satisfied: nvidia-curand-cu12==10.3.9.90 in /usr/local/lib/python3.12/dist-packages (from torch>=2.2->sentence-transformers==6.0.1->-r /workspace/qenloDB2/scripts/runpod-benchmark-requirements.txt (line 8)) (10.3.9.90)
Requirement already satisfied: nvidia-cusolver-cu12==11.7.3.90 in /usr/local/lib/python3.12/dist-packages (from torch>=2.2->sentence-transformers==6.0.1->-r /workspace/qenloDB2/scripts/runpod-benchmark-requirements.txt (line 8)) (11.7.3.90)
Requirement already satisfied: nvidia-cusparse-cu12==12.5.8.93 in /usr/local/lib/python3.12/dist-packages (from torch>=2.2->sentence-transformers==6.0.1->-r /workspace/qenloDB2/scripts/runpod-benchmark-requirements.txt (line 8)) (12.5.8.93)
Requirement already satisfied: nvidia-cusparselt-cu12==0.7.1 in /usr/local/lib/python3.12/dist-packages (from torch>=2.2->sentence-transformers==6.0.1->-r /workspace/qenloDB2/scripts/runpod-benchmark-requirements.txt (line 8)) (0.7.1)
Requirement already satisfied: nvidia-nccl-cu12==2.27.3 in /usr/local/lib/python3.12/dist-packages (from torch>=2.2->sentence-transformers==6.0.1->-r /workspace/qenloDB2/scripts/runpod-benchmark-requirements.txt (line 8)) (2.27.3)
Requirement already satisfied: nvidia-nvtx-cu12==12.8.90 in /usr/local/lib/python3.12/dist-packages (from torch>=2.2->sentence-transformers==6.0.1->-r /workspace/qenloDB2/scripts/runpod-benchmark-requirements.txt (line 8)) (12.8.90)
Requirement already satisfied: nvidia-nvjitlink-cu12==12.8.93 in /usr/local/lib/python3.12/dist-packages (from torch>=2.2->sentence-transformers==6.0.1->-r /workspace/qenloDB2/scripts/runpod-benchmark-requirements.txt (line 8)) (12.8.93)
Requirement already satisfied: nvidia-cufile-cu12==1.13.1.3 in /usr/local/lib/python3.12/dist-packages (from torch>=2.2->sentence-transformers==6.0.1->-r /workspace/qenloDB2/scripts/runpod-benchmark-requirements.txt (line 8)) (1.13.1.3)
Requirement already satisfied: triton==3.4.0 in /usr/local/lib/python3.12/dist-packages (from torch>=2.2->sentence-transformers==6.0.1->-r /workspace/qenloDB2/scripts/runpod-benchmark-requirements.txt (line 8)) (3.4.0)
Requirement already satisfied: mpmath<1.4,>=1.1.0 in /usr/local/lib/python3.12/dist-packages (from sympy>=1.13.3->torch>=2.2->sentence-transformers==6.0.1->-r /workspace/qenloDB2/scripts/runpod-benchmark-requirements.txt (line 8)) (1.3.0)
Requirement already satisfied: shellingham>=1.3.0 in /workspace/qenlo-runpod/venv/lib/python3.12/site-packages (from typer>=0.9.0->chromadb==1.5.9->-r /workspace/qenloDB2/scripts/runpod-benchmark-requirements.txt (line 2)) (1.5.4)
Requirement already satisfied: annotated-doc>=0.0.2 in /workspace/qenlo-runpod/venv/lib/python3.12/site-packages (from typer>=0.9.0->chromadb==1.5.9->-r /workspace/qenloDB2/scripts/runpod-benchmark-requirements.txt (line 2)) (0.0.5)
Requirement already satisfied: httptools>=0.8.0 in /workspace/qenlo-runpod/venv/lib/python3.12/site-packages (from uvicorn[standard]>=0.18.3->chromadb==1.5.9->-r /workspace/qenloDB2/scripts/runpod-benchmark-requirements.txt (line 2)) (0.8.0)
Requirement already satisfied: uvloop>=0.15.1 in /workspace/qenlo-runpod/venv/lib/python3.12/site-packages (from uvicorn[standard]>=0.18.3->chromadb==1.5.9->-r /workspace/qenloDB2/scripts/runpod-benchmark-requirements.txt (line 2)) (0.22.1)
Requirement already satisfied: watchfiles>=0.20 in /workspace/qenlo-runpod/venv/lib/python3.12/site-packages (from uvicorn[standard]>=0.18.3->chromadb==1.5.9->-r /workspace/qenloDB2/scripts/runpod-benchmark-requirements.txt (line 2)) (1.2.0)
Requirement already satisfied: websockets>=13.0 in /workspace/qenlo-runpod/venv/lib/python3.12/site-packages (from uvicorn[standard]>=0.18.3->chromadb==1.5.9->-r /workspace/qenloDB2/scripts/runpod-benchmark-requirements.txt (line 2)) (17.1)
Requirement already satisfied: sniffio>=1.1 in /usr/local/lib/python3.12/dist-packages (from anyio->httpx<1.0.0->datasets==5.0.1->-r /workspace/qenloDB2/scripts/runpod-benchmark-requirements.txt (line 1)) (1.3.1)
Requirement already satisfied: MarkupSafe>=2.0 in /usr/local/lib/python3.12/dist-packages (from jinja2->torch>=2.2->sentence-transformers==6.0.1->-r /workspace/qenloDB2/scripts/runpod-benchmark-requirements.txt (line 8)) (3.0.3)
Requirement already satisfied: oauthlib>=3.0.0 in /usr/lib/python3/dist-packages (from requests-oauthlib->kubernetes>=28.1.0->chromadb==1.5.9->-r /workspace/qenloDB2/scripts/runpod-benchmark-requirements.txt (line 2)) (3.2.2)
