19:00:43 0 cpu 30000 1 rc 0
19:01:29 0 gpu-predicate 1000 0 rc 0
19:03:10 0 gpu-rows 30000 1 rc 0
19:04:40 0 cpu 10000 0 rc 0
19:07:21 0 cpu 30000 0 rc 0
19:07:29 0 cpu 100 0 rc 0
19:07:38 0 cpu 100 1 rc 0
19:08:45 0 gpu-predicate 10000 0 rc 0
19:09:31 0 gpu-predicate 1000 1 rc 0
19:10:41 0 gpu-predicate 10000 1 rc 0
19:12:21 0 gpu-rows 30000 0 rc 0
19:13:13 0 gpu-predicate 3000 1 rc 0
19:13:36 0 gpu-rows 3000 1 rc 0
19:13:49 0 gpu-rows 100 0 rc 0
19:14:34 0 gpu-predicate 100 0 rc 0
19:15:49 0 gpu-rows 10000 0 rc 0
19:17:46 0 cpu 10000 1 rc 0
19:18:14 0 cpu 3000 0 rc 0
19:20:42 0 gpu-predicate 30000 0 rc 0
19:21:56 0 gpu-rows 10000 1 rc 0
19:22:27 0 cpu 3000 1 rc 0
19:23:02 0 gpu-rows 3000 0 rc 0
19:23:13 0 cpu 1000 0 rc 0
19:23:27 0 gpu-rows 100 1 rc 0
19:23:45 0 gpu-rows 1000 0 rc 0
19:23:57 0 cpu 1000 1 rc 0
19:26:05 0 gpu-predicate 30000 1 rc 0
19:26:53 0 gpu-predicate 100 1 rc 0
19:27:11 0 gpu-rows 1000 1 rc 0
19:28:04 0 gpu-predicate 3000 0 rc 0
19:28:33 1 gpu-rows 3000 1 rc 0
19:29:20 1 gpu-predicate 100 1 rc 0
19:29:36 1 gpu-rows 100 0 rc 0
19:33:47 1 cpu 30000 0 rc 0
19:34:52 1 gpu-rows 10000 0 rc 0
19:35:11 1 cpu 3000 0 rc 0
19:35:33 1 gpu-rows 3000 0 rc 0
19:36:51 1 gpu-predicate 10000 0 rc 0
19:37:05 1 cpu 1000 1 rc 0
19:41:04 1 cpu 30000 1 rc 0
19:42:36 1 cpu 10000 1 rc 0
19:43:23 1 gpu-predicate 1000 1 rc 0
19:44:07 1 gpu-predicate 100 0 rc 0
19:46:35 1 gpu-rows 30000 1 rc 0
19:46:43 1 cpu 100 0 rc 0
19:49:05 1 gpu-predicate 30000 0 rc 0
19:51:41 1 gpu-predicate 30000 1 rc 0
19:52:30 1 gpu-predicate 1000 0 rc 0
19:54:34 1 gpu-rows 30000 0 rc 0
19:54:48 1 gpu-rows 100 1 rc 0
19:55:06 1 gpu-rows 1000 1 rc 0
19:55:37 1 cpu 3000 1 rc 0
19:55:52 1 gpu-rows 1000 0 rc 0
19:57:03 1 gpu-rows 10000 1 rc 0
19:57:15 1 cpu 1000 0 rc 0
19:59:05 1 cpu 10000 0 rc 0
20:00:29 1 gpu-predicate 10000 1 rc 0
20:01:27 1 gpu-predicate 3000 0 rc 0
20:01:36 1 cpu 100 1 rc 0
20:02:35 1 gpu-predicate 3000 1 rc 0
20:07:01 2 cpu 30000 1 rc 0
20:08:12 2 gpu-rows 10000 1 rc 0
20:08:46 2 cpu 3000 1 rc 0
20:10:03 2 gpu-predicate 10000 0 rc 0
20:10:45 2 gpu-predicate 1000 0 rc 0
20:11:28 2 gpu-predicate 100 1 rc 0
20:11:39 2 gpu-rows 100 0 rc 0
20:13:22 2 gpu-predicate 30000 0 rc 0
20:14:09 2 gpu-predicate 1000 1 rc 0
20:14:22 2 gpu-rows 100 1 rc 0
20:15:31 2 cpu 10000 0 rc 0
20:15:38 2 cpu 100 0 rc 0
20:15:52 2 gpu-rows 1000 0 rc 0
20:16:20 2 gpu-rows 3000 0 rc 0
20:16:32 2 cpu 1000 1 rc 0
20:16:42 2 cpu 100 1 rc 0
20:19:04 2 gpu-predicate 30000 1 rc 0
20:20:22 2 gpu-predicate 10000 1 rc 0
20:20:33 2 cpu 1000 0 rc 0
20:22:13 2 gpu-rows 30000 0 rc 0
20:22:56 2 gpu-predicate 100 0 rc 0
20:23:49 2 gpu-predicate 3000 0 rc 0
20:24:18 2 gpu-rows 3000 1 rc 0
20:27:36 2 cpu 30000 0 rc 0
20:28:29 2 gpu-predicate 3000 1 rc 0
20:28:48 2 cpu 3000 0 rc 0
20:30:05 2 cpu 10000 1 rc 0
20:30:21 2 gpu-rows 1000 1 rc 0
20:32:01 2 gpu-rows 30000 1 rc 0
20:32:54 2 gpu-rows 10000 0 rc 0
20:33:37 3 gpu-predicate 1000 0 rc 0
20:34:41 3 gpu-predicate 10000 0 rc 0
20:34:57 3 gpu-rows 1000 1 rc 0
20:36:37 3 gpu-rows 30000 0 rc 0
20:37:51 3 cpu 10000 0 rc 0
20:38:33 3 gpu-predicate 100 0 rc 0
20:39:43 3 gpu-predicate 10000 1 rc 0
20:39:55 3 cpu 1000 1 rc 0
20:41:37 3 gpu-rows 30000 1 rc 0
20:42:35 3 gpu-rows 10000 0 rc 0
20:45:18 3 cpu 30000 1 rc 0
20:45:40 3 cpu 3000 1 rc 0
20:45:59 3 cpu 3000 0 rc 0
20:46:09 3 cpu 100 1 rc 0
20:50:08 3 cpu 30000 0 rc 0
20:50:53 3 gpu-predicate 100 1 rc 0
20:52:53 3 gpu-predicate 30000 1 rc 0
20:53:04 3 cpu 1000 0 rc 0
20:53:16 3 gpu-rows 100 0 rc 0
20:53:23 3 cpu 100 0 rc 0
20:53:38 3 gpu-rows 1000 0 rc 0
20:54:31 3 gpu-predicate 3000 1 rc 0
20:56:22 3 gpu-predicate 30000 0 rc 0
20:57:12 3 gpu-predicate 3000 0 rc 0
20:57:34 3 gpu-rows 3000 0 rc 0
20:58:20 3 gpu-predicate 1000 1 rc 0
20:59:38 3 cpu 10000 1 rc 0
20:59:53 3 gpu-rows 100 1 rc 0
21:00:51 3 gpu-rows 10000 1 rc 0
21:01:17 3 gpu-rows 3000 1 rc 0
21:01:38 4 cpu 3000 1 rc 0
21:01:53 4 gpu-rows 1000 0 rc 0
21:02:58 4 gpu-predicate 10000 0 rc 0
21:04:58 4 cpu 10000 1 rc 0
21:05:53 4 gpu-predicate 3000 0 rc 0
21:08:15 4 gpu-predicate 30000 1 rc 0
21:08:40 4 gpu-rows 3000 0 rc 0
21:12:56 4 cpu 30000 1 rc 0
21:15:19 4 gpu-rows 30000 0 rc 0
21:15:30 4 cpu 1000 0 rc 0
21:15:37 4 cpu 100 0 rc 0
21:16:04 4 gpu-rows 3000 1 rc 0
21:18:23 4 gpu-predicate 30000 0 rc 0
21:22:41 4 cpu 30000 0 rc 0
21:23:38 4 gpu-predicate 3000 1 rc 0
21:23:52 4 gpu-rows 100 1 rc 0
21:24:22 4 cpu 3000 0 rc 0
21:24:31 4 cpu 100 1 rc 0
21:24:46 4 gpu-rows 100 0 rc 0
21:26:07 4 gpu-predicate 10000 1 rc 0
21:27:57 4 cpu 10000 0 rc 0
21:28:39 4 gpu-predicate 100 0 rc 0
21:29:56 4 gpu-rows 10000 0 rc 0
21:30:44 4 gpu-predicate 100 1 rc 0
21:31:30 4 gpu-predicate 1000 0 rc 0
21:32:41 4 gpu-rows 10000 1 rc 0
21:35:02 4 gpu-rows 30000 1 rc 0
21:35:50 4 gpu-predicate 1000 1 rc 0
21:36:02 4 cpu 1000 1 rc 0
21:36:20 4 gpu-rows 1000 1 rc 0
D1 COMPLETE
